<testsuites id="" name="" tests="19" failures="0" skipped="0" errors="0" time="22.866274999999998">
<testsuite name="actions\contract-actions.spec.ts" timestamp="2026-03-10T06:57:24.674Z" hostname="chromium" tests="2" failures="0" skipped="0" time="8.576" errors="0">
<testcase name="Contract Actions › 계약 생성 버튼 클릭 시 생성 모달이 열린다" classname="actions\contract-actions.spec.ts" time="4.154">
</testcase>
<testcase name="Contract Actions › 상세 페이지에서 승인 버튼 클릭 시 승인 모달이 열린다" classname="actions\contract-actions.spec.ts" time="4.422">
</testcase>
</testsuite>
<testsuite name="filters\contract-filters.spec.ts" timestamp="2026-03-10T06:57:24.674Z" hostname="chromium" tests="3" failures="0" skipped="0" time="16.304" errors="0">
<testcase name="Contract Filters (Demo Tenant) › 상태 탭을 클릭하면 URL이 업데이트되고 목록이 필터링된다" classname="filters\contract-filters.spec.ts" time="4.739">
</testcase>
<testcase name="Contract Filters (Demo Tenant) › 검색어를 입력하면 URL이 업데이트되고 목록이 필터링된다" classname="filters\contract-filters.spec.ts" time="4.315">
</testcase>
<testcase name="Contract Filters (Demo Tenant) › 초기화 버튼을 클릭하면 필터가 모두 해제된다" classname="filters\contract-filters.spec.ts" time="7.25">
</testcase>
</testsuite>
<testsuite name="i18n\contract-i18n-direct.spec.ts" timestamp="2026-03-10T06:57:24.674Z" hostname="chromium" tests="2" failures="0" skipped="0" time="7.786" errors="0">
<testcase name="Tenant i18n Direct Resource Loading Config › i18n 설정이 ON인 Demo 테넌트는 /en 접근 시 영어(en) 리소스를 서버에서 준비하여 내려준다" classname="i18n\contract-i18n-direct.spec.ts" time="4.242">
</testcase>
<testcase name="Tenant i18n Direct Resource Loading Config › i18n 설정이 OFF인 APR 테넌트는 /en 접근 시 강제로 한국어(ko) 리소스만 서버에서 준비하여 내려준다" classname="i18n\contract-i18n-direct.spec.ts" time="3.544">
</testcase>
</testsuite>
<testsuite name="i18n\contract-i18n.spec.ts" timestamp="2026-03-10T06:57:24.674Z" hostname="chromium" tests="3" failures="0" skipped="0" time="10.484" errors="0">
<testcase name="Contract i18n › 한국어 경로(/ko/contract)는 한국어 텍스트를 보여준다" classname="i18n\contract-i18n.spec.ts" time="3.493">
</testcase>
<testcase name="Contract i18n › 영어 경로(/en/contract)는 영어 텍스트를 보여준다" classname="i18n\contract-i18n.spec.ts" time="3.469">
</testcase>
<testcase name="Contract i18n › 영어 상세 페이지(/en/contract/[id])는 영어 텍스트를 보여준다" classname="i18n\contract-i18n.spec.ts" time="3.522">
</testcase>
</testsuite>
<testsuite name="routing\contract-list-detail.spec.ts" timestamp="2026-03-10T06:57:24.674Z" hostname="chromium" tests="2" failures="0" skipped="0" time="7.84" errors="0">
<testcase name="Contract List and Detail › demo 목록에서 계약 클릭 시 상세 페이지로 이동한다" classname="routing\contract-list-detail.spec.ts" time="5.022">
</testcase>
<testcase name="Contract List and Detail › apr 테넌트는 APR 데이터가 렌더링된다" classname="routing\contract-list-detail.spec.ts" time="2.818">
</testcase>
</testsuite>
<testsuite name="routing\contract-routing.spec.ts" timestamp="2026-03-10T06:57:24.674Z" hostname="chromium" tests="2" failures="0" skipped="0" time="4.817" errors="0">
<testcase name="Contract Routing › demo 테넌트에서 /contract 접근 시 locale prefix 경로로 리다이렉트된다" classname="routing\contract-routing.spec.ts" time="2.48">
</testcase>
<testcase name="Contract Routing › 존재하지 않는 계약 상세 ID는 not-found로 처리된다" classname="routing\contract-routing.spec.ts" time="2.337">
</testcase>
</testsuite>
<testsuite name="tenant\contract-tenant-config.spec.ts" timestamp="2026-03-10T06:57:24.674Z" hostname="chromium" tests="2" failures="0" skipped="0" time="4.826" errors="0">
<testcase name="Tenant Configuration Direct Check › Demo 테넌트(다국어 ON)는 브라우저가 다국어 지원 상태임을 인지하고 있다" classname="tenant\contract-tenant-config.spec.ts" time="2.419">
</testcase>
<testcase name="Tenant Configuration Direct Check › APR 테넌트(다국어 OFF)는 브라우저가 단일 언어(ko) 환경임을 인지하고 있다" classname="tenant\contract-tenant-config.spec.ts" time="2.407">
</testcase>
</testsuite>
<testsuite name="tenant\contract-tenant.spec.ts" timestamp="2026-03-10T06:57:24.674Z" hostname="chromium" tests="3" failures="0" skipped="0" time="6.709" errors="0">
<testcase name="Contract Multi-Tenant Consistency › Demo 테넌트와 APR 테넌트는 동일한 /contract 경로를 제공하지만 내용이 다르다" classname="tenant\contract-tenant.spec.ts" time="2.645">
</testcase>
<testcase name="Contract Multi-Tenant Consistency › 상세 페이지 접근 시 테넌트별 다른 테넌트명 확인" classname="tenant\contract-tenant.spec.ts" time="2.433">
</testcase>
<testcase name="Contract Multi-Tenant Consistency › APR 테넌트는 APR 전용 UI 요소(동기화 버튼, 상태 카드)를 가지고 있다" classname="tenant\contract-tenant.spec.ts" time="1.631">
</testcase>
</testsuite>
</testsuites>